
Collecting usage statistics. To deactivate, set browser.gatherUsageStats to false.


  You can now view your Streamlit app in your browser.

  Local URL: http://localhost:8501
  Network URL: http://192.168.0.2:8501
  External URL: http://35.224.132.190:8501

2026-04-10 17:18:54,750 [INFO] src.importers.crm: Order T655: aggregated 2 payment rows (total=150.00, balance=0.00)
2026-04-10 17:18:54,758 [INFO] src.importers.crm: Order T697: aggregated 2 payment rows (total=207.00, balance=0.00)
2026-04-10 17:18:54,957 [INFO] src.importers.crm: Order T822: aggregated 2 payment rows (total=480.00, balance=0.00)
2026-04-10 17:18:55,028 [INFO] src.importers.crm: Order T869: aggregated 2 payment rows (total=320.00, balance=0.00)
2026-04-10 17:20:32,276 [INFO] src.importers.crm: Cleared 212 existing CRM payment events before re-import
2026-04-10 17:20:32,368 [INFO] src.importers.crm: Order T655: aggregated 2 payment rows (total=150.00, balance=0.00)
2026-04-10 17:20:32,376 [INFO] src.importers.crm: Order T697: aggregated 2 payment rows (total=207.00, balance=0.00)
2026-04-10 17:20:32,560 [INFO] src.importers.crm: Order T822: aggregated 2 payment rows (total=480.00, balance=0.00)
2026-04-10 17:20:32,617 [INFO] src.importers.crm: Order T869: aggregated 2 payment rows (total=320.00, balance=0.00)
2026-04-10 17:21:45,463 [INFO] src.importers.crm: Cleared 212 existing CRM payment events before re-import
2026-04-10 17:21:45,643 [INFO] src.importers.crm: Order T655: aggregated 2 payment rows (total=150.00, balance=0.00)
2026-04-10 17:21:45,667 [INFO] src.importers.crm: Order T697: aggregated 2 payment rows (total=207.00, balance=0.00)
2026-04-10 17:21:46,033 [INFO] src.importers.crm: Order T822: aggregated 2 payment rows (total=480.00, balance=0.00)
2026-04-10 17:21:46,162 [INFO] src.importers.crm: Order T869: aggregated 2 payment rows (total=320.00, balance=0.00)
Database initialized at laundry_reconciler.db
  Stopping...
